{"middlewarePriority":[]}{"contextual":[]}
{}
a--------------a:[{"contextual":[]},{}]
{"contextual":[]}
a--------------a:[{"contextual":[]}]
{"contextual":[]}
a--------------a:[{"contextual":[]}]
{}
a--------------a:[{}]
{}
a--------------a:[{}]
{}
a--------------a:[{}]
{}
a--------------a:[{}]
{"contextual":[]}
a--------------a:[{"contextual":[]}]
{}
a--------------a:[{}]
{"contextual":[]}
a--------------a:[{"contextual":[]}]
{"contextual":[]}
{"middlewarePriority":[]}
a--------------a:[{"contextual":[]},{"middlewarePriority":[]}]
a--------------a:[]
a--------------a:[]
a--------------a:[]
a--------------a:[]
a--------------a:[]
a--------------a:[]
a--------------a:[]
a--------------a:[]
a--------------a:[]
a--------------a:[{},{}]
{"contextual":[]}
{}
a--------------a:[{"contextual":[]},{}]
{"contextual":[]}
a--------------a:[{"contextual":[]}]
{"contextual":[]}
a--------------a:[{"contextual":[]}]
{}
a--------------a:[{}]
{}
a--------------a:[{}]
{}
a--------------a:[{}]
{}
a--------------a:[{}]
{"contextual":[]}
a--------------a:[{"contextual":[]}]
{}
a--------------a:[{}]
{"contextual":[]}
a--------------a:[{"contextual":[]}]
{"contextual":[]}
{"middlewarePriority":[]}
a--------------a:[{"contextual":[]},{"middlewarePriority":[]}]
a--------------a:[]
a--------------a:[]
a--------------a:[]
a--------------a:[]
a--------------a:[]
a--------------a:[]
a--------------a:[]
a--------------a:[]
a--------------a:[]
{"contextual":[]}
{}
a--------------a:[{"contextual":[]},{}]
{"contextual":[]}
a--------------a:[{"contextual":[]}]
{"contextual":[]}
a--------------a:[{"contextual":[]}]
{}
a--------------a:[{}]
{}
a--------------a:[{}]
{}
a--------------a:[{}]
{}
a--------------a:[{}]
{"contextual":[]}
a--------------a:[{"contextual":[]}]
{}
a--------------a:[{}]
{"contextual":[]}
a--------------a:[{"contextual":[]}]
{"contextual":[]}
{"middlewarePriority":[]}
a--------------a:[{"contextual":[]},{"middlewarePriority":[]}]
a--------------a:[]
a--------------a:[]
a--------------a:[]
a--------------a:[]
a--------------a:[]
a--------------a:[]
a--------------a:[]
a--------------a:[]
a--------------a:[]
a--------------a:[{},{}]
a--------------a:[100]
{"contextual":[]}
{}
a--------------a:[{"contextual":[]},{}]
{"contextual":[]}
a--------------a:[{"contextual":[]}]
{"contextual":[]}
a--------------a:[{"contextual":[]}]
{}
a--------------a:[{}]
{}
a--------------a:[{}]
{}
a--------------a:[{}]
{}
a--------------a:[{}]
{"contextual":[]}
a--------------a:[{"contextual":[]}]
{}
a--------------a:[{}]
{"contextual":[]}
a--------------a:[{"contextual":[]}]
{"contextual":[]}
{"middlewarePriority":[]}
a--------------a:[{"contextual":[]},{"middlewarePriority":[]}]
a--------------a:[]
a--------------a:[]
a--------------a:[]
a--------------a:[]
a--------------a:[]
a--------------a:[]
a--------------a:[]
a--------------a:[]
a--------------a:[]
a--------------a:[{},{}]
{"contextual":[]}
{}
a--------------a:[{"contextual":[]},{}]
{"contextual":[]}
a--------------a:[{"contextual":[]}]
{"contextual":[]}
a--------------a:[{"contextual":[]}]
{}
a--------------a:[{}]
{}
a--------------a:[{}]
{}
a--------------a:[{}]
{}
a--------------a:[{}]
{"contextual":[]}
a--------------a:[{"contextual":[]}]
{}
a--------------a:[{}]
{"contextual":[]}
a--------------a:[{"contextual":[]}]
{"contextual":[]}
{"middlewarePriority":[]}
a--------------a:[{"contextual":[]},{"middlewarePriority":[]}]
a--------------a:[]
a--------------a:[]
a--------------a:[]
a--------------a:[]
a--------------a:[]
a--------------a:[]
a--------------a:[]
a--------------a:[]
a--------------a:[]
a--------------a:[{},{}]
{"contextual":[]}
{}
a--------------a:[{"contextual":[]},{}]
{"contextual":[]}
a--------------a:[{"contextual":[]}]
{"contextual":[]}
a--------------a:[{"contextual":[]}]
{}
a--------------a:[{}]
{}
a--------------a:[{}]
{}
a--------------a:[{}]
{}
a--------------a:[{}]
{"contextual":[]}
a--------------a:[{"contextual":[]}]
{}
a--------------a:[{}]
{"contextual":[]}
a--------------a:[{"contextual":[]}]
{"contextual":[]}
{"middlewarePriority":[]}
a--------------a:[{"contextual":[]},{"middlewarePriority":[]}]
a--------------a:[]
a--------------a:[]
a--------------a:[]
a--------------a:[]
a--------------a:[]
a--------------a:[]
a--------------a:[]
a--------------a:[]
a--------------a:[]
a--------------a:[{},{}]
{"contextual":[]}
{}
a--------------a:[{"contextual":[]},{}]
{"contextual":[]}
a--------------a:[{"contextual":[]}]
{"contextual":[]}
a--------------a:[{"contextual":[]}]
{}
a--------------a:[{}]
{}
a--------------a:[{}]
{}
a--------------a:[{}]
{}
a--------------a:[{}]
{"contextual":[]}
a--------------a:[{"contextual":[]}]
{}
a--------------a:[{}]
{"contextual":[]}
a--------------a:[{"contextual":[]}]
{"contextual":[]}
{"middlewarePriority":[]}
a--------------a:[{"contextual":[]},{"middlewarePriority":[]}]
a--------------a:[]
a--------------a:[]
a--------------a:[]
a--------------a:[]
a--------------a:[]
a--------------a:[]
a--------------a:[]
a--------------a:[]
a--------------a:[]
{"contextual":[]}
{}
a--------------a:[{"contextual":[]},{}]
{"contextual":[]}
a--------------a:[{"contextual":[]}]
{"contextual":[]}
a--------------a:[{"contextual":[]}]
{}
a--------------a:[{}]
{}
a--------------a:[{}]
{}
a--------------a:[{}]
{}
a--------------a:[{}]
{"contextual":[]}
a--------------a:[{"contextual":[]}]
{}
a--------------a:[{}]
{"contextual":[]}
a--------------a:[{"contextual":[]}]
{"contextual":[]}
{"middlewarePriority":[]}
a--------------a:[{"contextual":[]},{"middlewarePriority":[]}]
a--------------a:[]
a--------------a:[]
a--------------a:[]
a--------------a:[]
a--------------a:[]
a--------------a:[]
a--------------a:[]
a--------------a:[]
a--------------a:[]
a--------------a:[{},{}]
{"contextual":[]}
{}
a--------------a:[{"contextual":[]},{}]
{"contextual":[]}
a--------------a:[{"contextual":[]}]
{"contextual":[]}
a--------------a:[{"contextual":[]}]
{}
a--------------a:[{}]
{}
a--------------a:[{}]
{}
a--------------a:[{}]
{}
a--------------a:[{}]
{"contextual":[]}
a--------------a:[{"contextual":[]}]
{}
a--------------a:[{}]
{"contextual":[]}
a--------------a:[{"contextual":[]}]
{"contextual":[]}
{"middlewarePriority":[]}
a--------------a:[{"contextual":[]},{"middlewarePriority":[]}]
a--------------a:[]
a--------------a:[]
a--------------a:[]
a--------------a:[]
a--------------a:[]
a--------------a:[]
a--------------a:[]
a--------------a:[]
a--------------a:[]
a--------------a:[{},{}]
{"contextual":[]}
{}
a--------------a:[{"contextual":[]},{}]
{"contextual":[]}
a--------------a:[{"contextual":[]}]
{"contextual":[]}
a--------------a:[{"contextual":[]}]
{}
a--------------a:[{}]
{}
a--------------a:[{}]
{}
a--------------a:[{}]
{}
a--------------a:[{}]
{"contextual":[]}
a--------------a:[{"contextual":[]}]
{}
a--------------a:[{}]
{"contextual":[]}
a--------------a:[{"contextual":[]}]
{"contextual":[]}
{"middlewarePriority":[]}
a--------------a:[{"contextual":[]},{"middlewarePriority":[]}]
a--------------a:[]
a--------------a:[]
a--------------a:[]
a--------------a:[]
a--------------a:[]
a--------------a:[]
a--------------a:[]
a--------------a:[]
a--------------a:[]
{"contextual":[]}
{}
a--------------a:[{"contextual":[]},{}]
{"contextual":[]}
a--------------a:[{"contextual":[]}]
{"contextual":[]}
a--------------a:[{"contextual":[]}]
{}
a--------------a:[{}]
{}
a--------------a:[{}]
{}
a--------------a:[{}]
{}
a--------------a:[{}]
{"contextual":[]}
a--------------a:[{"contextual":[]}]
{}
a--------------a:[{}]
{"contextual":[]}
a--------------a:[{"contextual":[]}]
{"contextual":[]}
{"middlewarePriority":[]}
a--------------a:[{"contextual":[]},{"middlewarePriority":[]}]
a--------------a:[]
a--------------a:[]
a--------------a:[]
a--------------a:[]
a--------------a:[]
a--------------a:[]
a--------------a:[]
a--------------a:[]
a--------------a:[]
a--------------a:[{},{}]
a--------------a:[{},{}]
{"contextual":[]}
{}
a--------------a:[{"contextual":[]},{}]
{"contextual":[]}
a--------------a:[{"contextual":[]}]
{"contextual":[]}
a--------------a:[{"contextual":[]}]
{}
a--------------a:[{}]
{}
a--------------a:[{}]
{}
a--------------a:[{}]
{}
a--------------a:[{}]
{"contextual":[]}
a--------------a:[{"contextual":[]}]
{}
a--------------a:[{}]
{"contextual":[]}
a--------------a:[{"contextual":[]}]
{"contextual":[]}
{"middlewarePriority":[]}
a--------------a:[{"contextual":[]},{"middlewarePriority":[]}]
a--------------a:[]
a--------------a:[]
a--------------a:[]
a--------------a:[]
a--------------a:[]
a--------------a:[]
a--------------a:[]
a--------------a:[]
a--------------a:[]
a--------------a:[{},{}]
{"contextual":[]}
{}
a--------------a:[{"contextual":[]},{}]
{"contextual":[]}
a--------------a:[{"contextual":[]}]
{"contextual":[]}
a--------------a:[{"contextual":[]}]
{}
a--------------a:[{}]
{}
a--------------a:[{}]
{}
a--------------a:[{}]
{}
a--------------a:[{}]
{"contextual":[]}
a--------------a:[{"contextual":[]}]
{}
a--------------a:[{}]
{"contextual":[]}
a--------------a:[{"contextual":[]}]
{"contextual":[]}
{"middlewarePriority":[]}
a--------------a:[{"contextual":[]},{"middlewarePriority":[]}]
a--------------a:[]
a--------------a:[]
a--------------a:[]
a--------------a:[]
a--------------a:[]
a--------------a:[]
a--------------a:[]
a--------------a:[]
a--------------a:[]
a--------------a:[{},{}]
{"contextual":[]}
{}
a--------------a:[{"contextual":[]},{}]
{"contextual":[]}
a--------------a:[{"contextual":[]}]
{"contextual":[]}
a--------------a:[{"contextual":[]}]
{}
a--------------a:[{}]
{}
a--------------a:[{}]
{}
a--------------a:[{}]
{}
a--------------a:[{}]
{"contextual":[]}
a--------------a:[{"contextual":[]}]
{}
a--------------a:[{}]
{"contextual":[]}
a--------------a:[{"contextual":[]}]
{"contextual":[]}
{"middlewarePriority":[]}
a--------------a:[{"contextual":[]},{"middlewarePriority":[]}]
a--------------a:[]
a--------------a:[]
a--------------a:[]
a--------------a:[]
a--------------a:[]
a--------------a:[]
a--------------a:[]
a--------------a:[]
a--------------a:[]
{"contextual":[]}
{}
a--------------a:[{"contextual":[]},{}]
{"contextual":[]}
a--------------a:[{"contextual":[]}]
{"contextual":[]}
a--------------a:[{"contextual":[]}]
{}
a--------------a:[{}]
{}
a--------------a:[{}]
{}
a--------------a:[{}]
{}
a--------------a:[{}]
{"contextual":[]}
a--------------a:[{"contextual":[]}]
{}
a--------------a:[{}]
{"contextual":[]}
a--------------a:[{"contextual":[]}]
{"contextual":[]}
{"middlewarePriority":[]}
a--------------a:[{"contextual":[]},{"middlewarePriority":[]}]
a--------------a:[]
a--------------a:[]
a--------------a:[]
a--------------a:[]
a--------------a:[]
a--------------a:[]
a--------------a:[]
a--------------a:[]
a--------------a:[]
a--------------a:[{},{}]
{"contextual":[]}
{}
a--------------a:[{"contextual":[]},{}]
{"contextual":[]}
a--------------a:[{"contextual":[]}]
{"contextual":[]}
a--------------a:[{"contextual":[]}]
{}
a--------------a:[{}]
{}
a--------------a:[{}]
{}
a--------------a:[{}]
{}
a--------------a:[{}]
{"contextual":[]}
a--------------a:[{"contextual":[]}]
{}
a--------------a:[{}]
{"contextual":[]}
a--------------a:[{"contextual":[]}]
{"contextual":[]}
{"middlewarePriority":[]}
a--------------a:[{"contextual":[]},{"middlewarePriority":[]}]
a--------------a:[]
a--------------a:[]
a--------------a:[]
a--------------a:[]
a--------------a:[]
a--------------a:[]
a--------------a:[]
a--------------a:[]
a--------------a:[]
a--------------a:[{},{}]
{"contextual":[]}
{}
a--------------a:[{"contextual":[]},{}]
{"contextual":[]}
a--------------a:[{"contextual":[]}]
{"contextual":[]}
a--------------a:[{"contextual":[]}]
{}
a--------------a:[{}]
{}
a--------------a:[{}]
{}
a--------------a:[{}]
{}
a--------------a:[{}]
{"contextual":[]}
a--------------a:[{"contextual":[]}]
{}
a--------------a:[{}]
{"contextual":[]}
a--------------a:[{"contextual":[]}]
{"contextual":[]}
{"middlewarePriority":[]}
a--------------a:[{"contextual":[]},{"middlewarePriority":[]}]
a--------------a:[]
a--------------a:[]
a--------------a:[]
a--------------a:[]
a--------------a:[]
a--------------a:[]
a--------------a:[]
a--------------a:[]
a--------------a:[]
a--------------a:[{},{}]
{"contextual":[]}
{}
a--------------a:[{"contextual":[]},{}]
{"contextual":[]}
a--------------a:[{"contextual":[]}]
{"contextual":[]}
a--------------a:[{"contextual":[]}]
{}
a--------------a:[{}]
{}
a--------------a:[{}]
{}
a--------------a:[{}]
{}
a--------------a:[{}]
{"contextual":[]}
a--------------a:[{"contextual":[]}]
{}
a--------------a:[{}]
{"contextual":[]}
a--------------a:[{"contextual":[]}]
{"contextual":[]}
{"middlewarePriority":[]}
a--------------a:[{"contextual":[]},{"middlewarePriority":[]}]
a--------------a:[]
a--------------a:[]
a--------------a:[]
a--------------a:[]
a--------------a:[]
a--------------a:[]
a--------------a:[]
a--------------a:[]
a--------------a:[]
a--------------a:[{},{}]
{"contextual":[]}
{}
a--------------a:[{"contextual":[]},{}]
{"contextual":[]}
a--------------a:[{"contextual":[]}]
{"contextual":[]}
a--------------a:[{"contextual":[]}]
{}
a--------------a:[{}]
{}
a--------------a:[{}]
{}
a--------------a:[{}]
{}
a--------------a:[{}]
{"contextual":[]}
a--------------a:[{"contextual":[]}]
{}
a--------------a:[{}]
{"contextual":[]}
a--------------a:[{"contextual":[]}]
{"contextual":[]}
{"middlewarePriority":[]}
a--------------a:[{"contextual":[]},{"middlewarePriority":[]}]
a--------------a:[]
a--------------a:[]
a--------------a:[]
a--------------a:[]
a--------------a:[]
a--------------a:[]
a--------------a:[]
a--------------a:[]
a--------------a:[]
a--------------a:[{},{}]
{"contextual":[]}
{}
a--------------a:[{"contextual":[]},{}]
{"contextual":[]}
a--------------a:[{"contextual":[]}]
{"contextual":[]}
a--------------a:[{"contextual":[]}]
{}
a--------------a:[{}]
{}
a--------------a:[{}]
{}
a--------------a:[{}]
{}
a--------------a:[{}]
{"contextual":[]}
a--------------a:[{"contextual":[]}]
{}
a--------------a:[{}]
{"contextual":[]}
a--------------a:[{"contextual":[]}]
{"contextual":[]}
{"middlewarePriority":[]}
a--------------a:[{"contextual":[]},{"middlewarePriority":[]}]
a--------------a:[]
a--------------a:[]
a--------------a:[]
a--------------a:[]
a--------------a:[]
a--------------a:[]
a--------------a:[]
a--------------a:[]
a--------------a:[]
a--------------a:[{},{}]
{"contextual":[]}
{}
a--------------a:[{"contextual":[]},{}]
{"contextual":[]}
a--------------a:[{"contextual":[]}]
{"contextual":[]}
a--------------a:[{"contextual":[]}]
{}
a--------------a:[{}]
{}
a--------------a:[{}]
{}
a--------------a:[{}]
{}
a--------------a:[{}]
{"contextual":[]}
a--------------a:[{"contextual":[]}]
{}
a--------------a:[{}]
{"contextual":[]}
a--------------a:[{"contextual":[]}]
{"contextual":[]}
{"middlewarePriority":[]}
a--------------a:[{"contextual":[]},{"middlewarePriority":[]}]
a--------------a:[]
a--------------a:[]
a--------------a:[]
a--------------a:[]
a--------------a:[]
a--------------a:[]
a--------------a:[]
a--------------a:[]
a--------------a:[]
a--------------a:[{},{}]
{"contextual":[]}
{}
a--------------a:[{"contextual":[]},{}]
{"contextual":[]}
a--------------a:[{"contextual":[]}]
{"contextual":[]}
a--------------a:[{"contextual":[]}]
{}
a--------------a:[{}]
{}
a--------------a:[{}]
{}
a--------------a:[{}]
{}
a--------------a:[{}]
{"contextual":[]}
a--------------a:[{"contextual":[]}]
{}
a--------------a:[{}]
{"contextual":[]}
a--------------a:[{"contextual":[]}]
{"contextual":[]}
{"middlewarePriority":[]}
a--------------a:[{"contextual":[]},{"middlewarePriority":[]}]
a--------------a:[]
a--------------a:[]
a--------------a:[]
a--------------a:[]
a--------------a:[]
a--------------a:[]
a--------------a:[]
a--------------a:[]
a--------------a:[]
a--------------a:[{},{}]
{"contextual":[]}
{}
a--------------a:[{"contextual":[]},{}]
{"contextual":[]}
a--------------a:[{"contextual":[]}]
{"contextual":[]}
a--------------a:[{"contextual":[]}]
{}
a--------------a:[{}]
{}
a--------------a:[{}]
{}
a--------------a:[{}]
{}
a--------------a:[{}]
{"contextual":[]}
a--------------a:[{"contextual":[]}]
{}
a--------------a:[{}]
{"contextual":[]}
a--------------a:[{"contextual":[]}]
{"contextual":[]}
{"middlewarePriority":[]}
a--------------a:[{"contextual":[]},{"middlewarePriority":[]}]
a--------------a:[]
a--------------a:[]
a--------------a:[]
a--------------a:[]
a--------------a:[]
a--------------a:[]
a--------------a:[]
a--------------a:[]
a--------------a:[]
a--------------a:[{},{}]
{"contextual":[]}
{}
a--------------a:[{"contextual":[]},{}]
{"contextual":[]}
a--------------a:[{"contextual":[]}]
{"contextual":[]}
a--------------a:[{"contextual":[]}]
{}
a--------------a:[{}]
{}
a--------------a:[{}]
{}
a--------------a:[{}]
{}
a--------------a:[{}]
{"contextual":[]}
a--------------a:[{"contextual":[]}]
{}
a--------------a:[{}]
{"contextual":[]}
a--------------a:[{"contextual":[]}]
{"contextual":[]}
{"middlewarePriority":[]}
a--------------a:[{"contextual":[]},{"middlewarePriority":[]}]
a--------------a:[]
a--------------a:[]
a--------------a:[]
a--------------a:[]
a--------------a:[]
a--------------a:[]
a--------------a:[]
a--------------a:[]
a--------------a:[]
a--------------a:[{},{}]
{"contextual":[]}
{}
a--------------a:[{"contextual":[]},{}]
{"contextual":[]}
a--------------a:[{"contextual":[]}]
{"contextual":[]}
a--------------a:[{"contextual":[]}]
{}
a--------------a:[{}]
{}
a--------------a:[{}]
{}
a--------------a:[{}]
{}
a--------------a:[{}]
{"contextual":[]}
a--------------a:[{"contextual":[]}]
{}
a--------------a:[{}]
{"contextual":[]}
a--------------a:[{"contextual":[]}]
{"contextual":[]}
{"middlewarePriority":[]}
a--------------a:[{"contextual":[]},{"middlewarePriority":[]}]
a--------------a:[]
a--------------a:[]
a--------------a:[]
a--------------a:[]
a--------------a:[]
a--------------a:[]
a--------------a:[]
a--------------a:[]
a--------------a:[]
a--------------a:[{},{}]
{"contextual":[]}
{}
a--------------a:[{"contextual":[]},{}]
{"contextual":[]}
a--------------a:[{"contextual":[]}]
{"contextual":[]}
a--------------a:[{"contextual":[]}]
{}
a--------------a:[{}]
{}
a--------------a:[{}]
{}
a--------------a:[{}]
{}
a--------------a:[{}]
{"contextual":[]}
a--------------a:[{"contextual":[]}]
{}
a--------------a:[{}]
{"contextual":[]}
a--------------a:[{"contextual":[]}]
{"contextual":[]}
{"middlewarePriority":[]}
a--------------a:[{"contextual":[]},{"middlewarePriority":[]}]
a--------------a:[]
a--------------a:[]
a--------------a:[]
a--------------a:[]
a--------------a:[]
a--------------a:[]
a--------------a:[]
a--------------a:[]
a--------------a:[]
a--------------a:[{},{}]
{"contextual":[]}
{}
a--------------a:[{"contextual":[]},{}]
{"contextual":[]}
a--------------a:[{"contextual":[]}]
{"contextual":[]}
a--------------a:[{"contextual":[]}]
{}
a--------------a:[{}]
{}
a--------------a:[{}]
{}
a--------------a:[{}]
{}
a--------------a:[{}]
{"contextual":[]}
a--------------a:[{"contextual":[]}]
{}
a--------------a:[{}]
{"contextual":[]}
a--------------a:[{"contextual":[]}]
{"contextual":[]}
{"middlewarePriority":[]}
a--------------a:[{"contextual":[]},{"middlewarePriority":[]}]
a--------------a:[]
a--------------a:[]
a--------------a:[]
a--------------a:[]
a--------------a:[]
a--------------a:[]
a--------------a:[]
a--------------a:[]
a--------------a:[]
a--------------a:[{},{}]
{"contextual":[]}
{}
a--------------a:[{"contextual":[]},{}]
{"contextual":[]}
a--------------a:[{"contextual":[]}]
{"contextual":[]}
a--------------a:[{"contextual":[]}]
{}
a--------------a:[{}]
{}
a--------------a:[{}]
{}
a--------------a:[{}]
{}
a--------------a:[{}]
{"contextual":[]}
a--------------a:[{"contextual":[]}]
{}
a--------------a:[{}]
{"contextual":[]}
a--------------a:[{"contextual":[]}]
{"contextual":[]}
{"middlewarePriority":[]}
a--------------a:[{"contextual":[]},{"middlewarePriority":[]}]
a--------------a:[]
a--------------a:[]
a--------------a:[]
a--------------a:[]
a--------------a:[]
a--------------a:[]
a--------------a:[]
a--------------a:[]
a--------------a:[]
a--------------a:[{},{}]
{"contextual":[]}
{}
a--------------a:[{"contextual":[]},{}]
{"contextual":[]}
a--------------a:[{"contextual":[]}]
{"contextual":[]}
a--------------a:[{"contextual":[]}]
{}
a--------------a:[{}]
{}
a--------------a:[{}]
{}
a--------------a:[{}]
{}
a--------------a:[{}]
{"contextual":[]}
a--------------a:[{"contextual":[]}]
{}
a--------------a:[{}]
{"contextual":[]}
a--------------a:[{"contextual":[]}]
{"contextual":[]}
{"middlewarePriority":[]}
a--------------a:[{"contextual":[]},{"middlewarePriority":[]}]
a--------------a:[]
a--------------a:[]
a--------------a:[]
a--------------a:[]
a--------------a:[]
a--------------a:[]
a--------------a:[]
a--------------a:[]
a--------------a:[]
a--------------a:[{},{}]
{"contextual":[]}
{}
a--------------a:[{"contextual":[]},{}]
{"contextual":[]}
a--------------a:[{"contextual":[]}]
{"contextual":[]}
a--------------a:[{"contextual":[]}]
{}
a--------------a:[{}]
{}
a--------------a:[{}]
{}
a--------------a:[{}]
{}
a--------------a:[{}]
{"contextual":[]}
a--------------a:[{"contextual":[]}]
{}
a--------------a:[{}]
{"contextual":[]}
a--------------a:[{"contextual":[]}]
{"contextual":[]}
{"middlewarePriority":[]}
a--------------a:[{"contextual":[]},{"middlewarePriority":[]}]
a--------------a:[]
a--------------a:[]
a--------------a:[]
a--------------a:[]
a--------------a:[]
a--------------a:[]
a--------------a:[]
a--------------a:[]
a--------------a:[]
a--------------a:[{},{}]
{"contextual":[]}
{}
a--------------a:[{"contextual":[]},{}]
{"contextual":[]}
a--------------a:[{"contextual":[]}]
{"contextual":[]}
a--------------a:[{"contextual":[]}]
{}
a--------------a:[{}]
{}
a--------------a:[{}]
{}
a--------------a:[{}]
{}
a--------------a:[{}]
{"contextual":[]}
a--------------a:[{"contextual":[]}]
{}
a--------------a:[{}]
{"contextual":[]}
a--------------a:[{"contextual":[]}]
{"contextual":[]}
{"middlewarePriority":[]}
a--------------a:[{"contextual":[]},{"middlewarePriority":[]}]
a--------------a:[]
a--------------a:[]
a--------------a:[]
a--------------a:[]
a--------------a:[]
a--------------a:[]
a--------------a:[]
a--------------a:[]
a--------------a:[]
a--------------a:[{},{}]
{"contextual":[]}
{}
a--------------a:[{"contextual":[]},{}]
{"contextual":[]}
a--------------a:[{"contextual":[]}]
{"contextual":[]}
a--------------a:[{"contextual":[]}]
{}
a--------------a:[{}]
{}
a--------------a:[{}]
{}
a--------------a:[{}]
{}
a--------------a:[{}]
{"contextual":[]}
a--------------a:[{"contextual":[]}]
{}
a--------------a:[{}]
{"contextual":[]}
a--------------a:[{"contextual":[]}]
{"contextual":[]}
{"middlewarePriority":[]}
a--------------a:[{"contextual":[]},{"middlewarePriority":[]}]
a--------------a:[]
a--------------a:[]
a--------------a:[]
a--------------a:[]
a--------------a:[]
a--------------a:[]
a--------------a:[]
a--------------a:[]
a--------------a:[]
a--------------a:[{},{}]
{}
{"contextual":[]}
a--------------a:[{},{"contextual":[]}]
{"contextual":[]}
{}
a--------------a:[{"contextual":[]},{}]
{"contextual":[]}
a--------------a:[{"contextual":[]}]
{"contextual":[]}
a--------------a:[{"contextual":[]}]
{}
a--------------a:[{}]
{}
a--------------a:[{}]
{}
a--------------a:[{}]
{}
a--------------a:[{}]
{"contextual":[]}
a--------------a:[{"contextual":[]}]
{}
a--------------a:[{}]
{"contextual":[]}
a--------------a:[{"contextual":[]}]
{"contextual":[]}
{"middlewarePriority":[]}
a--------------a:[{"contextual":[]},{"middlewarePriority":[]}]
a--------------a:[]
a--------------a:[]
a--------------a:[]
a--------------a:[]
a--------------a:[]
a--------------a:[]
a--------------a:[]
a--------------a:[]
a--------------a:[]
a--------------a:[{},{}]
